// Jest Snapshot v1, https://goo.gl/fbAQLP

exports[`Probando componente LoginForm Validando toMatchSnapshot 1`] = `
<Row
  bsClass="row"
  className="show-grid"
  componentClass="div"
>
  <Col
    bsClass="col"
    componentClass="div"
    md={4}
    xs={6}
  />
  <Col
    bsClass="col"
    componentClass="div"
    md={4}
    xs={6}
  >
    <Jumbotron
      bsClass="jumbotron"
      className="Jumbotron"
      componentClass="div"
    >
      <h2
        className="login"
      >
        Login
      </h2>
      <form>
        <div>
          <Field
            component={[Function]}
            label="Username"
            maxLength="20"
            name="username"
            type="text"
          />
        </div>
        <div>
          <Field
            component={[Function]}
            label="Password"
            maxLength="20"
            name="password"
            type="password"
          />
        </div>
        <br />
        <div>
          <Label
            bsClass="label"
            bsStyle="danger"
          />
        </div>
        <br />
        <Button
          className="my-button"
          disabled={true}
          type="submit"
        >
          LOGIN
        </Button>
      </form>
    </Jumbotron>
  </Col>
  <Col
    bsClass="col"
    componentClass="div"
    md={4}
    xsHidden={true}
  />
</Row>
`;
